0 verbose cli /Users/admin/.local/node/bin/node /Users/admin/.local/node/lib/node_modules/npm/bin/npm-cli.js
1 info using npm@10.2.4
2 info using node@v20.11.1
3 timing npm:load:whichnode Completed in 27ms
4 timing config:load:defaults Completed in 2ms
5 timing config:load:file:/Users/admin/.local/node/lib/node_modules/npm/npmrc Completed in 1ms
6 timing config:load:builtin Completed in 1ms
7 timing config:load:cli Completed in 3ms
8 timing config:load:env Completed in 2ms
9 timing config:load:project Completed in 2ms
10 timing config:load:file:/Users/admin/Documents/Medicsapp/.npmrc Completed in 0ms
11 timing config:load:user Completed in 0ms
12 timing config:load:file:/Users/admin/.local/node/etc/npmrc Completed in 0ms
13 timing config:load:global Completed in 0ms
14 timing config:load:setEnvs Completed in 1ms
15 timing config:load Completed in 13ms
16 timing npm:load:configload Completed in 13ms
17 timing config:load:flatten Completed in 3ms
18 timing npm:load:mkdirpcache Completed in 2ms
19 timing npm:load:mkdirplogs Completed in 0ms
20 verbose title npm exec expo start --clear
21 verbose argv "exec" "--" "expo" "start" "--clear"
22 timing npm:load:setTitle Completed in 32ms
23 timing npm:load:display Completed in 2ms
24 verbose logfile logs-max:10 dir:/Users/admin/Documents/Medicsapp/.npm/_logs/2026-03-09T17_22_49_932Z-
25 verbose logfile /Users/admin/Documents/Medicsapp/.npm/_logs/2026-03-09T17_22_49_932Z-debug-0.log
26 timing npm:load:logFile Completed in 18ms
27 timing npm:load:timers Completed in 0ms
28 timing npm:load:configScope Completed in 0ms
29 timing npm:load Completed in 156ms
30 silly logfile done cleaning log files
31 http fetch GET 200 https://registry.npmjs.org/npm 65395ms attempt #2 (cache miss)
