0 verbose cli /Users/admin/.local/node/bin/node /Users/admin/.local/node/bin/npm
1 info using npm@10.2.4
2 info using node@v20.11.1
3 timing npm:load:whichnode Completed in 19ms
4 timing config:load:defaults Completed in 11ms
5 timing config:load:file:/Users/admin/.local/node/lib/node_modules/npm/npmrc Completed in 1ms
6 timing config:load:builtin Completed in 1ms
7 timing config:load:cli Completed in 3ms
8 timing config:load:env Completed in 1ms
9 timing config:load:project Completed in 1ms
10 timing config:load:file:/Users/admin/Documents/Medicsapp/.npmrc Completed in 0ms
11 timing config:load:user Completed in 0ms
12 timing config:load:file:/Users/admin/.local/node/etc/npmrc Completed in 5ms
13 timing config:load:global Completed in 5ms
14 timing config:load:setEnvs Completed in 1ms
15 timing config:load Completed in 25ms
16 timing npm:load:configload Completed in 25ms
17 timing config:load:flatten Completed in 25ms
18 timing npm:load:mkdirpcache Completed in 87ms
19 timing npm:load:mkdirplogs Completed in 1ms
20 verbose title npm install
21 verbose argv "install"
22 timing npm:load:setTitle Completed in 45ms
23 timing npm:load:display Completed in 1ms
24 verbose logfile logs-max:10 dir:/Users/admin/Documents/Medicsapp/.npm/_logs/2026-03-09T17_26_18_168Z-
25 verbose logfile /Users/admin/Documents/Medicsapp/.npm/_logs/2026-03-09T17_26_18_168Z-debug-0.log
26 timing npm:load:logFile Completed in 23ms
27 timing npm:load:timers Completed in 0ms
28 timing npm:load:configScope Completed in 0ms
29 timing npm:load Completed in 282ms
30 timing arborist:ctor Completed in 1ms
31 silly logfile done cleaning log files
32 timing idealTree:init Completed in 1574ms
33 timing idealTree:userRequests Completed in 0ms
34 silly idealTree buildDeps
35 silly fetch manifest react-dom@19.1.0
36 timing arborist:ctor Completed in 0ms
37 http fetch GET 200 https://registry.npmjs.org/react-dom 9691ms (cache miss)
38 silly fetch manifest react@19.1.0
39 http fetch GET 200 https://registry.npmjs.org/react 333550ms attempt #2 (cache miss)
40 silly fetch manifest react-native-web@^0.21.0
41 http fetch GET 200 https://registry.npmjs.org/react-native-web 7824ms (cache miss)
42 silly placeDep ROOT react-dom@19.1.0 OK for: medicsapp-webview@1.0.0 want: 19.1.0
43 silly placeDep ROOT react-native-web@0.21.2 OK for: medicsapp-webview@1.0.0 want: ^0.21.0
44 silly fetch manifest fbjs@^3.0.4
45 silly fetch manifest inline-style-prefixer@^7.0.1
46 silly fetch manifest memoize-one@^6.0.0
47 silly fetch manifest postcss-value-parser@^4.2.0
48 silly fetch manifest styleq@^0.1.3
49 http fetch GET 200 https://registry.npmjs.org/inline-style-prefixer 567ms (cache miss)
50 http fetch GET 200 https://registry.npmjs.org/postcss-value-parser 6158ms (cache miss)
51 http fetch GET 200 https://registry.npmjs.org/styleq 6399ms (cache miss)
52 http fetch GET 200 https://registry.npmjs.org/fbjs 7487ms (cache miss)
53 http fetch GET 200 https://registry.npmjs.org/memoize-one 7802ms (cache miss)
54 timing idealTree:#root Completed in 359024ms
55 timing idealTree:node_modules/react-dom Completed in 0ms
56 silly placeDep ROOT fbjs@3.0.5 OK for: react-native-web@0.21.2 want: ^3.0.4
57 silly fetch manifest cross-fetch@^3.1.5
58 silly fetch manifest fbjs-css-vars@^1.0.0
59 silly fetch manifest promise@^7.1.1
60 silly fetch manifest setimmediate@^1.0.5
61 silly fetch manifest ua-parser-js@^1.0.35
62 silly placeDep ROOT inline-style-prefixer@7.0.1 OK for: react-native-web@0.21.2 want: ^7.0.1
63 silly fetch manifest css-in-js-utils@^3.1.0
64 silly placeDep node_modules/react-native-web memoize-one@6.0.0 OK for: react-native-web@0.21.2 want: ^6.0.0
65 silly placeDep ROOT postcss-value-parser@4.2.0 OK for: react-native-web@0.21.2 want: ^4.2.0
66 silly placeDep ROOT styleq@0.1.3 OK for: react-native-web@0.21.2 want: ^0.1.3
67 http fetch GET 200 https://registry.npmjs.org/fbjs-css-vars 2314ms (cache miss)
68 http fetch GET 200 https://registry.npmjs.org/setimmediate 2313ms (cache miss)
69 http fetch GET 200 https://registry.npmjs.org/promise 2328ms (cache miss)
70 http fetch GET 200 https://registry.npmjs.org/ua-parser-js 2352ms (cache miss)
71 http fetch GET 200 https://registry.npmjs.org/cross-fetch 2386ms (cache miss)
72 http fetch GET 200 https://registry.npmjs.org/css-in-js-utils 3386ms (cache miss)
73 timing idealTree:node_modules/react-native-web Completed in 3409ms
74 silly placeDep ROOT cross-fetch@3.2.0 OK for: fbjs@3.0.5 want: ^3.1.5
75 silly placeDep ROOT fbjs-css-vars@1.0.2 OK for: fbjs@3.0.5 want: ^1.0.0
76 silly placeDep node_modules/fbjs promise@7.3.1 OK for: fbjs@3.0.5 want: ^7.1.1
77 silly placeDep ROOT setimmediate@1.0.5 OK for: fbjs@3.0.5 want: ^1.0.5
78 silly placeDep ROOT ua-parser-js@1.0.41 OK for: fbjs@3.0.5 want: ^1.0.35
79 timing idealTree:node_modules/fbjs Completed in 20ms
80 timing idealTree:node_modules/cross-fetch Completed in 0ms
81 timing idealTree:node_modules/fbjs-css-vars Completed in 0ms
82 silly placeDep ROOT css-in-js-utils@3.1.0 OK for: inline-style-prefixer@7.0.1 want: ^3.1.0
83 silly fetch manifest hyphenate-style-name@^1.0.3
84 http fetch GET 200 https://registry.npmjs.org/hyphenate-style-name 295ms (cache miss)
85 timing idealTree:node_modules/inline-style-prefixer Completed in 300ms
86 silly placeDep ROOT hyphenate-style-name@1.1.0 OK for: css-in-js-utils@3.1.0 want: ^1.0.3
87 timing idealTree:node_modules/css-in-js-utils Completed in 2ms
88 timing idealTree:node_modules/hyphenate-style-name Completed in 0ms
89 timing idealTree:node_modules/postcss-value-parser Completed in 0ms
90 timing idealTree:node_modules/setimmediate Completed in 0ms
91 timing idealTree:node_modules/styleq Completed in 0ms
92 timing idealTree:node_modules/ua-parser-js Completed in 0ms
93 timing idealTree:node_modules/fbjs/node_modules/promise Completed in 0ms
94 timing idealTree:node_modules/react-native-web/node_modules/memoize-one Completed in 0ms
95 timing idealTree:buildDeps Completed in 362758ms
96 timing idealTree:fixDepFlags Completed in 22ms
97 warn EBADENGINE Unsupported engine {
97 warn EBADENGINE   package: '@react-native/assets-registry@0.81.0',
97 warn EBADENGINE   required: { node: '>= 20.19.4' },
97 warn EBADENGINE   current: { node: 'v20.11.1', npm: '10.2.4' }
97 warn EBADENGINE }
98 warn EBADENGINE Unsupported engine {
98 warn EBADENGINE   package: '@react-native/babel-plugin-codegen@0.84.1',
98 warn EBADENGINE   required: { node: '>= 20.19.4' },
98 warn EBADENGINE   current: { node: 'v20.11.1', npm: '10.2.4' }
98 warn EBADENGINE }
99 warn EBADENGINE Unsupported engine {
99 warn EBADENGINE   package: '@react-native/codegen@0.84.1',
99 warn EBADENGINE   required: { node: '>= 20.19.4' },
99 warn EBADENGINE   current: { node: 'v20.11.1', npm: '10.2.4' }
99 warn EBADENGINE }
100 warn EBADENGINE Unsupported engine {
100 warn EBADENGINE   package: '@react-native/babel-preset@0.84.1',
100 warn EBADENGINE   required: { node: '>= 20.19.4' },
100 warn EBADENGINE   current: { node: 'v20.11.1', npm: '10.2.4' }
100 warn EBADENGINE }
101 warn EBADENGINE Unsupported engine {
101 warn EBADENGINE   package: '@react-native/codegen@0.81.0',
101 warn EBADENGINE   required: { node: '>= 20.19.4' },
101 warn EBADENGINE   current: { node: 'v20.11.1', npm: '10.2.4' }
101 warn EBADENGINE }
102 warn EBADENGINE Unsupported engine {
102 warn EBADENGINE   package: '@react-native/community-cli-plugin@0.81.0',
102 warn EBADENGINE   required: { node: '>= 20.19.4' },
102 warn EBADENGINE   current: { node: 'v20.11.1', npm: '10.2.4' }
102 warn EBADENGINE }
103 warn EBADENGINE Unsupported engine {
103 warn EBADENGINE   package: '@react-native/debugger-frontend@0.81.0',
103 warn EBADENGINE   required: { node: '>= 20.19.4' },
103 warn EBADENGINE   current: { node: 'v20.11.1', npm: '10.2.4' }
103 warn EBADENGINE }
104 warn EBADENGINE Unsupported engine {
104 warn EBADENGINE   package: '@react-native/dev-middleware@0.81.0',
104 warn EBADENGINE   required: { node: '>= 20.19.4' },
104 warn EBADENGINE   current: { node: 'v20.11.1', npm: '10.2.4' }
104 warn EBADENGINE }
105 warn EBADENGINE Unsupported engine {
105 warn EBADENGINE   package: '@react-native/gradle-plugin@0.81.0',
105 warn EBADENGINE   required: { node: '>= 20.19.4' },
105 warn EBADENGINE   current: { node: 'v20.11.1', npm: '10.2.4' }
105 warn EBADENGINE }
106 warn EBADENGINE Unsupported engine {
106 warn EBADENGINE   package: '@react-native/js-polyfills@0.81.0',
106 warn EBADENGINE   required: { node: '>= 20.19.4' },
106 warn EBADENGINE   current: { node: 'v20.11.1', npm: '10.2.4' }
106 warn EBADENGINE }
107 warn EBADENGINE Unsupported engine {
107 warn EBADENGINE   package: '@react-native/metro-babel-transformer@0.84.1',
107 warn EBADENGINE   required: { node: '>= 20.19.4' },
107 warn EBADENGINE   current: { node: 'v20.11.1', npm: '10.2.4' }
107 warn EBADENGINE }
108 warn EBADENGINE Unsupported engine {
108 warn EBADENGINE   package: '@react-native/metro-config@0.84.1',
108 warn EBADENGINE   required: { node: '>= 20.19.4' },
108 warn EBADENGINE   current: { node: 'v20.11.1', npm: '10.2.4' }
108 warn EBADENGINE }
109 warn EBADENGINE Unsupported engine {
109 warn EBADENGINE   package: '@react-native/js-polyfills@0.84.1',
109 warn EBADENGINE   required: { node: '>= 20.19.4' },
109 warn EBADENGINE   current: { node: 'v20.11.1', npm: '10.2.4' }
109 warn EBADENGINE }
110 warn EBADENGINE Unsupported engine {
110 warn EBADENGINE   package: 'expo-server@1.0.5',
110 warn EBADENGINE   required: { node: '>=20.16.0' },
110 warn EBADENGINE   current: { node: 'v20.11.1', npm: '10.2.4' }
110 warn EBADENGINE }
111 warn EBADENGINE Unsupported engine {
111 warn EBADENGINE   package: '@react-native/babel-plugin-codegen@0.81.5',
111 warn EBADENGINE   required: { node: '>= 20.19.4' },
111 warn EBADENGINE   current: { node: 'v20.11.1', npm: '10.2.4' }
111 warn EBADENGINE }
112 warn EBADENGINE Unsupported engine {
112 warn EBADENGINE   package: '@react-native/babel-preset@0.81.5',
112 warn EBADENGINE   required: { node: '>= 20.19.4' },
112 warn EBADENGINE   current: { node: 'v20.11.1', npm: '10.2.4' }
112 warn EBADENGINE }
113 warn EBADENGINE Unsupported engine {
113 warn EBADENGINE   package: '@react-native/codegen@0.81.5',
113 warn EBADENGINE   required: { node: '>= 20.19.4' },
113 warn EBADENGINE   current: { node: 'v20.11.1', npm: '10.2.4' }
113 warn EBADENGINE }
114 warn EBADENGINE Unsupported engine {
114 warn EBADENGINE   package: '@react-native/debugger-frontend@0.81.5',
114 warn EBADENGINE   required: { node: '>= 20.19.4' },
114 warn EBADENGINE   current: { node: 'v20.11.1', npm: '10.2.4' }
114 warn EBADENGINE }
115 warn EBADENGINE Unsupported engine {
115 warn EBADENGINE   package: '@react-native/dev-middleware@0.81.5',
115 warn EBADENGINE   required: { node: '>= 20.19.4' },
115 warn EBADENGINE   current: { node: 'v20.11.1', npm: '10.2.4' }
115 warn EBADENGINE }
116 warn EBADENGINE Unsupported engine {
116 warn EBADENGINE   package: 'metro@0.83.3',
116 warn EBADENGINE   required: { node: '>=20.19.4' },
116 warn EBADENGINE   current: { node: 'v20.11.1', npm: '10.2.4' }
116 warn EBADENGINE }
117 warn EBADENGINE Unsupported engine {
117 warn EBADENGINE   package: 'metro-babel-transformer@0.83.3',
117 warn EBADENGINE   required: { node: '>=20.19.4' },
117 warn EBADENGINE   current: { node: 'v20.11.1', npm: '10.2.4' }
117 warn EBADENGINE }
118 warn EBADENGINE Unsupported engine {
118 warn EBADENGINE   package: 'metro-cache@0.83.3',
118 warn EBADENGINE   required: { node: '>=20.19.4' },
118 warn EBADENGINE   current: { node: 'v20.11.1', npm: '10.2.4' }
118 warn EBADENGINE }
119 warn EBADENGINE Unsupported engine {
119 warn EBADENGINE   package: 'metro-cache-key@0.83.3',
119 warn EBADENGINE   required: { node: '>=20.19.4' },
119 warn EBADENGINE   current: { node: 'v20.11.1', npm: '10.2.4' }
119 warn EBADENGINE }
120 warn EBADENGINE Unsupported engine {
120 warn EBADENGINE   package: 'metro-config@0.83.3',
120 warn EBADENGINE   required: { node: '>=20.19.4' },
120 warn EBADENGINE   current: { node: 'v20.11.1', npm: '10.2.4' }
120 warn EBADENGINE }
121 warn EBADENGINE Unsupported engine {
121 warn EBADENGINE   package: 'metro-core@0.83.3',
121 warn EBADENGINE   required: { node: '>=20.19.4' },
121 warn EBADENGINE   current: { node: 'v20.11.1', npm: '10.2.4' }
121 warn EBADENGINE }
122 warn EBADENGINE Unsupported engine {
122 warn EBADENGINE   package: 'metro-file-map@0.83.3',
122 warn EBADENGINE   required: { node: '>=20.19.4' },
122 warn EBADENGINE   current: { node: 'v20.11.1', npm: '10.2.4' }
122 warn EBADENGINE }
123 warn EBADENGINE Unsupported engine {
123 warn EBADENGINE   package: 'metro-minify-terser@0.83.3',
123 warn EBADENGINE   required: { node: '>=20.19.4' },
123 warn EBADENGINE   current: { node: 'v20.11.1', npm: '10.2.4' }
123 warn EBADENGINE }
124 warn EBADENGINE Unsupported engine {
124 warn EBADENGINE   package: 'metro-resolver@0.83.3',
124 warn EBADENGINE   required: { node: '>=20.19.4' },
124 warn EBADENGINE   current: { node: 'v20.11.1', npm: '10.2.4' }
124 warn EBADENGINE }
125 warn EBADENGINE Unsupported engine {
125 warn EBADENGINE   package: 'metro-runtime@0.83.3',
125 warn EBADENGINE   required: { node: '>=20.19.4' },
125 warn EBADENGINE   current: { node: 'v20.11.1', npm: '10.2.4' }
125 warn EBADENGINE }
126 warn EBADENGINE Unsupported engine {
126 warn EBADENGINE   package: 'metro-source-map@0.83.3',
126 warn EBADENGINE   required: { node: '>=20.19.4' },
126 warn EBADENGINE   current: { node: 'v20.11.1', npm: '10.2.4' }
126 warn EBADENGINE }
127 warn EBADENGINE Unsupported engine {
127 warn EBADENGINE   package: 'metro-symbolicate@0.83.3',
127 warn EBADENGINE   required: { node: '>=20.19.4' },
127 warn EBADENGINE   current: { node: 'v20.11.1', npm: '10.2.4' }
127 warn EBADENGINE }
128 warn EBADENGINE Unsupported engine {
128 warn EBADENGINE   package: 'metro-transform-plugins@0.83.3',
128 warn EBADENGINE   required: { node: '>=20.19.4' },
128 warn EBADENGINE   current: { node: 'v20.11.1', npm: '10.2.4' }
128 warn EBADENGINE }
129 warn EBADENGINE Unsupported engine {
129 warn EBADENGINE   package: 'metro-transform-worker@0.83.3',
129 warn EBADENGINE   required: { node: '>=20.19.4' },
129 warn EBADENGINE   current: { node: 'v20.11.1', npm: '10.2.4' }
129 warn EBADENGINE }
130 warn EBADENGINE Unsupported engine {
130 warn EBADENGINE   package: 'ob1@0.83.3',
130 warn EBADENGINE   required: { node: '>=20.19.4' },
130 warn EBADENGINE   current: { node: 'v20.11.1', npm: '10.2.4' }
130 warn EBADENGINE }
131 warn EBADENGINE Unsupported engine {
131 warn EBADENGINE   package: 'react-native@0.81.0',
131 warn EBADENGINE   required: { node: '>= 20.19.4' },
131 warn EBADENGINE   current: { node: 'v20.11.1', npm: '10.2.4' }
131 warn EBADENGINE }
132 warn EBADENGINE Unsupported engine {
132 warn EBADENGINE   package: '@react-native/virtualized-lists@0.81.0',
132 warn EBADENGINE   required: { node: '>= 20.19.4' },
132 warn EBADENGINE   current: { node: 'v20.11.1', npm: '10.2.4' }
132 warn EBADENGINE }
133 timing idealTree Completed in 364711ms
134 timing reify:loadTrees Completed in 364713ms
135 timing reify:diffTrees Completed in 26ms
136 silly reify moves {}
137 timing reify:retireShallow Completed in 1ms
138 timing reify:createSparse Completed in 346ms
139 timing reify:loadBundles Completed in 0ms
140 silly audit bulk request {
140 silly audit   '@0no-co/graphql.web': [ '1.2.0' ],
140 silly audit   '@babel/code-frame': [ '7.29.0', '7.10.4' ],
140 silly audit   '@babel/compat-data': [ '7.29.0' ],
140 silly audit   '@babel/core': [ '7.29.0' ],
140 silly audit   '@babel/generator': [ '7.29.1' ],
140 silly audit   '@babel/helper-annotate-as-pure': [ '7.27.3' ],
140 silly audit   '@babel/helper-compilation-targets': [ '7.28.6' ],
140 silly audit   '@babel/helper-create-class-features-plugin': [ '7.28.6' ],
140 silly audit   '@babel/helper-create-regexp-features-plugin': [ '7.28.5' ],
140 silly audit   '@babel/helper-define-polyfill-provider': [ '0.6.7' ],
140 silly audit   '@babel/helper-globals': [ '7.28.0' ],
140 silly audit   '@babel/helper-member-expression-to-functions': [ '7.28.5' ],
140 silly audit   '@babel/helper-module-imports': [ '7.28.6' ],
140 silly audit   '@babel/helper-module-transforms': [ '7.28.6' ],
140 silly audit   '@babel/helper-optimise-call-expression': [ '7.27.1' ],
140 silly audit   '@babel/helper-plugin-utils': [ '7.28.6' ],
140 silly audit   '@babel/helper-remap-async-to-generator': [ '7.27.1' ],
140 silly audit   '@babel/helper-replace-supers': [ '7.28.6' ],
140 silly audit   '@babel/helper-skip-transparent-expression-wrappers': [ '7.27.1' ],
140 silly audit   '@babel/helper-string-parser': [ '7.27.1' ],
140 silly audit   '@babel/helper-validator-identifier': [ '7.28.5' ],
140 silly audit   '@babel/helper-validator-option': [ '7.27.1' ],
140 silly audit   '@babel/helper-wrap-function': [ '7.28.6' ],
140 silly audit   '@babel/helpers': [ '7.28.6' ],
140 silly audit   '@babel/highlight': [ '7.25.9' ],
140 silly audit   'ansi-styles': [ '3.2.1', '4.3.0', '5.2.0' ],
140 silly audit   chalk: [ '2.4.2', '4.1.2' ],
140 silly audit   'color-convert': [ '1.9.3', '2.0.1' ],
140 silly audit   'color-name': [ '1.1.3', '1.1.4' ],
140 silly audit   'escape-string-regexp': [ '1.0.5', '4.0.0', '2.0.0' ],
140 silly audit   'has-flag': [ '3.0.0', '4.0.0' ],
140 silly audit   'supports-color': [ '5.5.0', '8.1.1', '7.2.0' ],
140 silly audit   '@babel/parser': [ '7.29.0' ],
140 silly audit   '@babel/plugin-proposal-decorators': [ '7.29.0' ],
140 silly audit   '@babel/plugin-proposal-export-default-from': [ '7.27.1' ],
140 silly audit   '@babel/plugin-syntax-async-generators': [ '7.8.4' ],
140 silly audit   '@babel/plugin-syntax-bigint': [ '7.8.3' ],
140 silly audit   '@babel/plugin-syntax-class-properties': [ '7.12.13' ],
140 silly audit   '@babel/plugin-syntax-class-static-block': [ '7.14.5' ],
140 silly audit   '@babel/plugin-syntax-decorators': [ '7.28.6' ],
140 silly audit   '@babel/plugin-syntax-dynamic-import': [ '7.8.3' ],
140 silly audit   '@babel/plugin-syntax-export-default-from': [ '7.28.6' ],
140 silly audit   '@babel/plugin-syntax-flow': [ '7.28.6' ],
140 silly audit   '@babel/plugin-syntax-import-attributes': [ '7.28.6' ],
140 silly audit   '@babel/plugin-syntax-import-meta': [ '7.10.4' ],
140 silly audit   '@babel/plugin-syntax-json-strings': [ '7.8.3' ],
140 silly audit   '@babel/plugin-syntax-jsx': [ '7.28.6' ],
140 silly audit   '@babel/plugin-syntax-logical-assignment-operators': [ '7.10.4' ],
140 silly audit   '@babel/plugin-syntax-nullish-coalescing-operator': [ '7.8.3' ],
140 silly audit   '@babel/plugin-syntax-numeric-separator': [ '7.10.4' ],
140 silly audit   '@babel/plugin-syntax-object-rest-spread': [ '7.8.3' ],
140 silly audit   '@babel/plugin-syntax-optional-catch-binding': [ '7.8.3' ],
140 silly audit   '@babel/plugin-syntax-optional-chaining': [ '7.8.3' ],
140 silly audit   '@babel/plugin-syntax-private-property-in-object': [ '7.14.5' ],
140 silly audit   '@babel/plugin-syntax-top-level-await': [ '7.14.5' ],
140 silly audit   '@babel/plugin-syntax-typescript': [ '7.28.6' ],
140 silly audit   '@babel/plugin-transform-arrow-functions': [ '7.27.1' ],
140 silly audit   '@babel/plugin-transform-async-generator-functions': [ '7.29.0' ],
140 silly audit   '@babel/plugin-transform-async-to-generator': [ '7.28.6' ],
140 silly audit   '@babel/plugin-transform-block-scoping': [ '7.28.6' ],
140 silly audit   '@babel/plugin-transform-class-properties': [ '7.28.6' ],
140 silly audit   '@babel/plugin-transform-class-static-block': [ '7.28.6' ],
140 silly audit   '@babel/plugin-transform-classes': [ '7.28.6' ],
140 silly audit   '@babel/plugin-transform-computed-properties': [ '7.28.6' ],
140 silly audit   '@babel/plugin-transform-destructuring': [ '7.28.5' ],
140 silly audit   '@babel/plugin-transform-export-namespace-from': [ '7.27.1' ],
140 silly audit   '@babel/plugin-transform-flow-strip-types': [ '7.27.1' ],
140 silly audit   '@babel/plugin-transform-for-of': [ '7.27.1' ],
140 silly audit   '@babel/plugin-transform-function-name': [ '7.27.1' ],
140 silly audit   '@babel/plugin-transform-literals': [ '7.27.1' ],
140 silly audit   '@babel/plugin-transform-logical-assignment-operators': [ '7.28.6' ],
140 silly audit   '@babel/plugin-transform-modules-commonjs': [ '7.28.6' ],
140 silly audit   '@babel/plugin-transform-named-capturing-groups-regex': [ '7.29.0' ],
140 silly audit   '@babel/plugin-transform-nullish-coalescing-operator': [ '7.28.6' ],
140 silly audit   '@babel/plugin-transform-numeric-separator': [ '7.28.6' ],
140 silly audit   '@babel/plugin-transform-object-rest-spread': [ '7.28.6' ],
140 silly audit   '@babel/plugin-transform-optional-catch-binding': [ '7.28.6' ],
140 silly audit   '@babel/plugin-transform-optional-chaining': [ '7.28.6' ],
140 silly audit   '@babel/plugin-transform-parameters': [ '7.27.7' ],
140 silly audit   '@babel/plugin-transform-private-methods': [ '7.28.6' ],
140 silly audit   '@babel/plugin-transform-private-property-in-object': [ '7.28.6' ],
140 silly audit   '@babel/plugin-transform-react-display-name': [ '7.28.0' ],
140 silly audit   '@babel/plugin-transform-react-jsx': [ '7.28.6' ],
140 silly audit   '@babel/plugin-transform-react-jsx-development': [ '7.27.1' ],
140 silly audit   '@babel/plugin-transform-react-jsx-self': [ '7.27.1' ],
140 silly audit   '@babel/plugin-transform-react-jsx-source': [ '7.27.1' ],
140 silly audit   '@babel/plugin-transform-react-pure-annotations': [ '7.27.1' ],
140 silly audit   '@babel/plugin-transform-regenerator': [ '7.29.0' ],
140 silly audit   '@babel/plugin-transform-runtime': [ '7.29.0' ],
140 silly audit   '@babel/plugin-transform-shorthand-properties': [ '7.27.1' ],
140 silly audit   '@babel/plugin-transform-spread': [ '7.28.6' ],
140 silly audit   '@babel/plugin-transform-sticky-regex': [ '7.27.1' ],
140 silly audit   '@babel/plugin-transform-typescript': [ '7.28.6' ],
140 silly audit   '@babel/plugin-transform-unicode-regex': [ '7.27.1' ],
140 silly audit   '@babel/preset-react': [ '7.28.5' ],
140 silly audit   '@babel/preset-typescript': [ '7.28.5' ],
140 silly audit   '@babel/runtime': [ '7.28.6' ],
140 silly audit   '@babel/template': [ '7.28.6' ],
140 silly audit   '@babel/traverse': [ '7.29.0' ],
140 silly audit   '@babel/types': [ '7.29.0' ],
140 silly audit   '@egjs/hammerjs': [ '2.0.17' ],
140 silly audit   '@expo/code-signing-certificates': [ '0.0.6' ],
140 silly audit   '@expo/config': [ '12.0.13', '9.0.4' ],
140 silly audit   '@expo/config-plugins': [ '54.0.4', '8.0.11' ],
140 silly audit   semver: [ '7.7.4', '6.3.1' ],
140 silly audit   '@expo/config-types': [ '54.0.10', '51.0.3' ],
140 silly audit   '@expo/devcert': [ '1.2.1' ],
140 silly audit   debug: [ '3.2.7', '2.6.9', '4.4.3' ],
140 silly audit   '@expo/devtools': [ '0.1.8' ],
140 silly audit   '@expo/env': [ '2.0.11' ],
140 silly audit   '@expo/fingerprint': [ '0.15.4' ],
140 silly audit   '@expo/image-utils': [ '0.5.1', '0.8.12' ],
140 silly audit   'fs-extra': [ '9.0.0', '9.1.0' ],
140 silly audit   getenv: [ '1.0.0', '2.0.0' ],
140 silly audit   universalify: [ '1.0.0', '2.0.1' ],
140 silly audit   '@expo/json-file': [ '10.0.12', '8.3.3' ],
140 silly audit   '@expo/metro': [ '54.2.0' ],
140 silly audit   '@expo/osascript': [ '2.4.2' ],
140 silly audit   '@expo/package-manager': [ '1.10.3' ],
140 silly audit   '@expo/plist': [ '0.4.8', '0.1.3' ],
140 silly audit   '@expo/prebuild-config': [ '7.0.9', '54.0.8' ],
140 silly audit   '@xmldom/xmldom': [ '0.7.13', '0.8.11' ],
140 silly audit   'brace-expansion': [ '1.1.12', '2.0.2', '5.0.4' ],
140 silly audit   commander: [ '4.1.1', '7.2.0', '12.1.0', '2.20.3' ],
140 silly audit   'find-up': [ '5.0.0', '4.1.0' ],
140 silly audit   glob: [ '7.1.6', '7.2.3', '13.0.6' ],
140 silly audit   'locate-path': [ '6.0.0', '5.0.0' ],
140 silly audit   minimatch: [ '3.1.5', '10.2.4', '9.0.9' ],
140 silly audit   'p-locate': [ '5.0.0', '4.1.0' ],
140 silly audit   sucrase: [ '3.34.0', '3.35.1' ],
140 silly audit   'write-file-atomic': [ '2.4.3', '4.0.2' ],
140 silly audit   xmlbuilder: [ '14.0.0', '11.0.1', '15.1.1' ],
140 silly audit   '@expo/schema-utils': [ '0.1.8' ],
140 silly audit   '@expo/sdk-runtime-versions': [ '1.0.0' ],
140 silly audit   '@expo/spawn-async': [ '1.7.2' ],
140 silly audit   '@expo/sudo-prompt': [ '9.3.2' ],
140 silly audit   '@expo/ws-tunnel': [ '1.0.6' ],
140 silly audit   '@expo/xcpretty': [ '4.4.1' ],
140 silly audit   argparse: [ '2.0.1', '1.0.10' ],
140 silly audit   'js-yaml': [ '4.1.1', '3.14.2' ],
140 silly audit   '@isaacs/fs-minipass': [ '4.0.1' ],
140 silly audit   '@isaacs/ttlcache': [ '1.4.1' ],
140 silly audit   '@istanbuljs/load-nyc-config': [ '1.1.0' ],
140 silly audit   camelcase: [ '5.3.1', '6.3.0' ],
140 silly audit   '@istanbuljs/schema': [ '0.1.3' ],
140 silly audit   '@jest/create-cache-key-function': [ '29.7.0' ],
140 silly audit   '@jest/environment': [ '29.7.0' ],
140 silly audit   '@jest/fake-timers': [ '29.7.0' ],
140 silly audit   '@jest/schemas': [ '29.6.3' ],
140 silly audit   '@jest/transform': [ '29.7.0' ],
140 silly audit   '@jest/types': [ '29.6.3' ],
140 silly audit   '@jridgewell/gen-mapping': [ '0.3.13' ],
140 silly audit   '@jridgewell/remapping': [ '2.3.5' ],
140 silly audit   '@jridgewell/resolve-uri': [ '3.1.2' ],
140 silly audit   '@jridgewell/source-map': [ '0.3.11' ],
140 silly audit   '@jridgewell/sourcemap-codec': [ '1.5.5' ],
140 silly audit   '@jridgewell/trace-mapping': [ '0.3.31' ],
140 silly audit   '@react-native-community/netinfo': [ '11.5.2' ],
140 silly audit   '@react-native/assets-registry': [ '0.81.0' ],
140 silly audit   '@react-native/babel-plugin-codegen': [ '0.84.1', '0.81.5' ],
140 silly audit   '@react-native/codegen': [ '0.84.1', '0.81.0', '0.81.5' ],
140 silly audit   '@react-native/babel-preset': [ '0.84.1', '0.81.5' ],
140 silly audit   'babel-plugin-syntax-hermes-parser': [ '0.32.0', '0.29.1' ],
140 silly audit   'hermes-estree': [ '0.29.1', '0.32.0' ],
140 silly audit   'hermes-parser': [ '0.29.1', '0.32.0' ],
140 silly audit   '@react-native/community-cli-plugin': [ '0.81.0' ],
140 silly audit   '@react-native/debugger-frontend': [ '0.81.0', '0.81.5' ],
140 silly audit   '@react-native/dev-middleware': [ '0.81.0', '0.81.5' ],
140 silly audit   ws: [ '6.2.3', '8.19.0', '7.5.10' ],
140 silly audit   '@react-native/gradle-plugin': [ '0.81.0' ],
140 silly audit   '@react-native/js-polyfills': [ '0.81.0', '0.84.1' ],
140 silly audit   '@react-native/metro-babel-transformer': [ '0.84.1' ],
140 silly audit   '@react-native/metro-config': [ '0.84.1' ],
140 silly audit   '@react-native/normalize-colors': [ '0.74.85', '0.81.5', '0.81.0' ],
140 silly audit   '@sinclair/typebox': [ '0.27.10' ],
140 silly audit   '@sinonjs/commons': [ '3.0.1' ],
140 silly audit   '@sinonjs/fake-timers': [ '10.3.0' ],
140 silly audit   '@types/babel__core': [ '7.20.5' ],
140 silly audit   '@types/babel__generator': [ '7.27.0' ],
140 silly audit   '@types/babel__template': [ '7.4.4' ],
140 silly audit   '@types/babel__traverse': [ '7.28.0' ],
140 silly audit   '@types/graceful-fs': [ '4.1.9' ],
140 silly audit   '@types/hammerjs': [ '2.0.46' ],
140 silly audit   '@types/istanbul-lib-coverage': [ '2.0.6' ],
140 silly audit   '@types/istanbul-lib-report': [ '3.0.3' ],
140 silly audit   '@types/istanbul-reports': [ '3.0.4' ],
140 silly audit   '@types/node': [ '25.3.5' ],
140 silly audit   '@types/stack-utils': [ '2.0.3' ],
140 silly audit   '@types/yargs': [ '17.0.35' ],
140 silly audit   '@types/yargs-parser': [ '21.0.3' ],
140 silly audit   '@ungap/structured-clone': [ '1.3.0' ],
140 silly audit   '@urql/core': [ '5.2.0' ],
140 silly audit   '@urql/exchange-retry': [ '1.3.2' ],
140 silly audit   'abort-controller': [ '3.0.0' ],
140 silly audit   accepts: [ '1.3.8' ],
140 silly audit   acorn: [ '8.16.0' ],
140 silly audit   'agent-base': [ '7.1.4' ],
140 silly audit   anser: [ '1.4.10' ],
140 silly audit   'ansi-escapes': [ '4.3.2' ],
140 silly audit   'type-fest': [ '0.21.3', '0.3.1', '0.7.1' ],
140 silly audit   'ansi-regex': [ '5.0.1', '4.1.1' ],
140 silly audit   'any-promise': [ '1.3.0' ],
140 silly audit   anymatch: [ '3.1.3' ],
140 silly audit   arg: [ '5.0.2' ],
140 silly audit   asap: [ '2.0.6' ],
140 silly audit   'async-limiter': [ '1.0.1' ],
140 silly audit   'at-least-node': [ '1.0.0' ],
140 silly audit   'babel-jest': [ '29.7.0' ],
140 silly audit   'babel-plugin-istanbul': [ '6.1.1' ],
140 silly audit   'babel-plugin-jest-hoist': [ '29.6.3' ],
140 silly audit   'babel-plugin-polyfill-corejs2': [ '0.4.16' ],
140 silly audit   'babel-plugin-polyfill-corejs3': [ '0.13.0' ],
140 silly audit   'babel-plugin-polyfill-regenerator': [ '0.6.7' ],
140 silly audit   'babel-plugin-react-compiler': [ '1.0.0' ],
140 silly audit   'babel-plugin-react-native-web': [ '0.21.2' ],
140 silly audit   'babel-plugin-transform-flow-enums': [ '0.0.2' ],
140 silly audit   'babel-preset-current-node-syntax': [ '1.2.0' ],
140 silly audit   'babel-preset-jest': [ '29.6.3' ],
140 silly audit   'balanced-match': [ '1.0.2', '4.0.4' ],
140 silly audit   'base64-js': [ '1.5.1' ],
140 silly audit   'baseline-browser-mapping': [ '2.10.0' ],
140 silly audit   'better-opn': [ '3.0.2' ],
140 silly audit   open: [ '8.4.2', '7.4.2' ],
140 silly audit   'big-integer': [ '1.6.52' ],
140 silly audit   'bplist-creator': [ '0.1.0' ],
140 silly audit   'bplist-parser': [ '0.3.1' ],
140 silly audit   braces: [ '3.0.3' ],
140 silly audit   browserslist: [ '4.28.1' ],
140 silly audit   bser: [ '2.1.1' ],
140 silly audit   buffer: [ '5.7.1' ],
140 silly audit   'buffer-from': [ '1.1.2' ],
140 silly audit   bytes: [ '3.1.2' ],
140 silly audit   'caniuse-lite': [ '1.0.30001777' ],
140 silly audit   chownr: [ '3.0.0' ],
140 silly audit   'chrome-launcher': [ '0.15.2' ],
140 silly audit   'chromium-edge-launcher': [ '0.2.0' ],
140 silly audit   'ci-info': [ '2.0.0', '3.9.0' ],
140 silly audit   'cli-cursor': [ '2.1.0' ],
140 silly audit   'cli-spinners': [ '2.9.2' ],
140 silly audit   cliui: [ '8.0.1' ],
140 silly audit   clone: [ '1.0.4' ],
140 silly audit   compressible: [ '2.0.18' ],
140 silly audit   compression: [ '1.8.1' ],
140 silly audit   ms: [ '2.0.0', '2.1.3' ],
140 silly audit   negotiator: [ '0.6.4', '0.6.3' ],
140 silly audit   'concat-map': [ '0.0.1' ],
140 silly audit   connect: [ '3.7.0' ],
140 silly audit   'convert-source-map': [ '2.0.0' ],
140 silly audit   'core-js-compat': [ '3.48.0' ],
140 silly audit   'cross-spawn': [ '7.0.6' ],
140 silly audit   'crypto-random-string': [ '1.0.0' ],
140 silly audit   'deep-extend': [ '0.6.0' ],
140 silly audit   deepmerge: [ '4.3.1' ],
140 silly audit   defaults: [ '1.0.4' ],
140 silly audit   'define-lazy-prop': [ '2.0.0' ],
140 silly audit   depd: [ '2.0.0' ],
140 silly audit   destroy: [ '1.2.0' ],
140 silly audit   'detect-libc': [ '2.1.2' ],
140 silly audit   dotenv: [ '16.4.7' ],
140 silly audit   'dotenv-expand': [ '11.0.7' ],
140 silly audit   'ee-first': [ '1.1.1' ],
140 silly audit   'electron-to-chromium': [ '1.5.307' ],
140 silly audit   'emoji-regex': [ '8.0.0' ],
140 silly audit   encodeurl: [ '1.0.2', '2.0.0' ],
140 silly audit   'env-editor': [ '0.4.2' ],
140 silly audit   'error-stack-parser': [ '2.1.4' ],
140 silly audit   escalade: [ '3.2.0' ],
140 silly audit   'escape-html': [ '1.0.3' ],
140 silly audit   esprima: [ '4.0.1' ],
140 silly audit   etag: [ '1.8.1' ],
140 silly audit   'event-target-shim': [ '5.0.1' ],
140 silly audit   expo: [ '54.0.33' ],
140 silly audit   'expo-modules-autolinking': [ '3.0.24' ],
140 silly audit   'expo-modules-core': [ '3.0.29' ],
140 silly audit   'expo-server': [ '1.0.5' ],
140 silly audit   'expo-splash-screen': [ '0.27.7' ],
140 silly audit   'expo-status-bar': [ '1.12.1' ],
140 silly audit   '@expo/cli': [ '54.0.23' ],
140 silly audit   '@expo/metro-config': [ '54.0.14' ],
140 silly audit   '@expo/vector-icons': [ '15.1.1' ],
140 silly audit   'babel-preset-expo': [ '54.0.10' ],
140 silly audit   'expo-asset': [ '12.0.12' ],
140 silly audit   'expo-constants': [ '18.0.13' ],
140 silly audit   'expo-file-system': [ '19.0.21' ],
140 silly audit   'expo-font': [ '14.0.11' ],
140 silly audit   'expo-keep-awake': [ '15.0.8' ],
140 silly audit   picomatch: [ '3.0.1', '2.3.1', '4.0.3' ],
140 silly audit   'exponential-backoff': [ '3.1.3' ],
140 silly audit   'fast-json-stable-stringify': [ '2.1.0' ],
140 silly audit   'fb-watchman': [ '2.0.2' ],
140 silly audit   'fill-range': [ '7.1.1' ],
140 silly audit   finalhandler: [ '1.1.2' ],
140 silly audit   'flow-enums-runtime': [ '0.0.6' ],
140 silly audit   fontfaceobserver: [ '2.3.0' ],
140 silly audit   'freeport-async': [ '2.0.0' ],
140 silly audit   fresh: [ '0.5.2' ],
140 silly audit   'fs.realpath': [ '1.0.0' ],
140 silly audit   fsevents: [ '2.3.3' ],
140 silly audit   'function-bind': [ '1.1.2' ],
140 silly audit   gensync: [ '1.0.0-beta.2' ],
140 silly audit   'get-caller-file': [ '2.0.5' ],
140 silly audit   'get-package-type': [ '0.1.0' ],
140 silly audit   'graceful-fs': [ '4.2.11' ],
140 silly audit   hasown: [ '2.0.2' ],
140 silly audit   'hoist-non-react-statics': [ '3.3.2' ],
140 silly audit   'react-is': [ '16.13.1', '18.3.1' ],
140 silly audit   'hosted-git-info': [ '7.0.2' ],
140 silly audit   'lru-cache': [ '10.4.3', '5.1.1', '11.2.6' ],
140 silly audit   'http-errors': [ '2.0.1' ],
140 silly audit   statuses: [ '2.0.2', '1.5.0' ],
140 silly audit   'https-proxy-agent': [ '7.0.6' ],
140 silly audit   ieee754: [ '1.2.1' ],
140 silly audit   ignore: [ '5.3.2' ],
140 silly audit   'image-size': [ '1.2.1' ],
140 silly audit   imurmurhash: [ '0.1.4' ],
140 silly audit   inflight: [ '1.0.6' ],
140 silly audit   inherits: [ '2.0.4' ],
140 silly audit   ini: [ '1.3.8' ],
140 silly audit   invariant: [ '2.2.4' ],
140 silly audit   'is-core-module': [ '2.16.1' ],
140 silly audit   'is-docker': [ '2.2.1' ],
140 silly audit   'is-fullwidth-code-point': [ '3.0.0' ],
140 silly audit   'is-number': [ '7.0.0' ],
140 silly audit   'is-wsl': [ '2.2.0' ],
140 silly audit   isexe: [ '2.0.0' ],
140 silly audit   'istanbul-lib-coverage': [ '3.2.2' ],
140 silly audit   'istanbul-lib-instrument': [ '5.2.1' ],
140 silly audit   'jest-environment-node': [ '29.7.0' ],
140 silly audit   'jest-get-type': [ '29.6.3' ],
140 silly audit   'jest-haste-map': [ '29.7.0' ],
140 silly audit   'jest-message-util': [ '29.7.0' ],
140 silly audit   'jest-mock': [ '29.7.0' ],
140 silly audit   'jest-regex-util': [ '29.6.3' ],
140 silly audit   'jest-util': [ '29.7.0' ],
140 silly audit   'jest-validate': [ '29.7.0' ],
140 silly audit   'jest-worker': [ '29.7.0' ],
140 silly audit   'jimp-compact': [ '0.16.1' ],
140 silly audit   'js-tokens': [ '4.0.0' ],
140 silly audit   'jsc-safe-url': [ '0.2.4' ],
140 silly audit   jsesc: [ '3.1.0' ],
140 silly audit   json5: [ '2.2.3' ],
140 silly audit   jsonfile: [ '6.2.0' ],
140 silly audit   kleur: [ '3.0.3' ],
140 silly audit   'lan-network': [ '0.1.7' ],
140 silly audit   leven: [ '3.1.0' ],
140 silly audit   'lighthouse-logger': [ '1.4.2' ],
140 silly audit   lightningcss: [ '1.32.0' ],
140 silly audit   'lightningcss-darwin-x64': [ '1.32.0' ],
140 silly audit   'lines-and-columns': [ '1.2.4' ],
140 silly audit   lodash: [ '4.17.23' ],
140 silly audit   'lodash.debounce': [ '4.0.8' ],
140 silly audit   'lodash.throttle': [ '4.1.1' ],
140 silly audit   'log-symbols': [ '2.2.0' ],
140 silly audit   'loose-envify': [ '1.4.0' ],
140 silly audit   makeerror: [ '1.0.12' ],
140 silly audit   marky: [ '1.3.0' ],
140 silly audit   'memoize-one': [ '5.2.1', '6.0.0' ],
140 silly audit   'merge-stream': [ '2.0.0' ],
140 silly audit   metro: [ '0.83.3' ],
140 silly audit   'metro-babel-transformer': [ '0.83.3' ],
140 silly audit   'metro-cache': [ '0.83.3' ],
140 silly audit   'metro-cache-key': [ '0.83.3' ],
140 silly audit   'metro-config': [ '0.83.3' ],
140 silly audit   'metro-core': [ '0.83.3' ],
140 silly audit   'metro-file-map': [ '0.83.3' ],
140 silly audit   'metro-minify-terser': [ '0.83.3' ],
140 silly audit   'metro-resolver': [ '0.83.3' ],
140 silly audit   'metro-runtime': [ '0.83.3' ],
140 silly audit   'metro-source-map': [ '0.83.3' ],
140 silly audit   'metro-symbolicate': [ '0.83.3' ],
140 silly audit   'metro-transform-plugins': [ '0.83.3' ],
140 silly audit   'metro-transform-worker': [ '0.83.3' ],
140 silly audit   micromatch: [ '4.0.8' ],
140 silly audit   mime: [ '1.6.0' ],
140 silly audit   'mime-db': [ '1.52.0' ],
140 silly audit   'mime-types': [ '2.1.35' ],
140 silly audit   'mimic-fn': [ '1.2.0' ],
140 silly audit   minimist: [ '1.2.8' ],
140 silly audit   minipass: [ '7.1.3' ],
140 silly audit   minizlib: [ '3.1.0' ],
140 silly audit   mkdirp: [ '1.0.4' ],
140 silly audit   mz: [ '2.7.0' ],
140 silly audit   nanoid: [ '3.3.11' ],
140 silly audit   'nested-error-stacks': [ '2.0.1' ],
140 silly audit   'node-fetch': [ '2.7.0' ],
140 silly audit   'node-forge': [ '1.3.3' ],
140 silly audit   'node-int64': [ '0.4.0' ],
140 silly audit   'node-releases': [ '2.0.36' ],
140 silly audit   'normalize-path': [ '3.0.0' ],
140 silly audit   'npm-package-arg': [ '11.0.3' ],
140 silly audit   nullthrows: [ '1.1.1' ],
140 silly audit   ob1: [ '0.83.3' ],
140 silly audit   'object-assign': [ '4.1.1' ],
140 silly audit   'on-finished': [ '2.3.0', '2.4.1' ],
140 silly audit   'on-headers': [ '1.1.0' ],
140 silly audit   once: [ '1.4.0' ],
140 silly audit   onetime: [ '2.0.1' ],
140 silly audit   ora: [ '3.4.0' ],
140 silly audit   'strip-ansi': [ '5.2.0', '6.0.1' ],
140 silly audit   'p-limit': [ '3.1.0', '2.3.0' ],
140 silly audit   'p-try': [ '2.2.0' ],
140 silly audit   'parse-png': [ '2.1.0' ],
140 silly audit   parseurl: [ '1.3.3' ],
140 silly audit   'path-exists': [ '4.0.0' ],
140 silly audit   'path-is-absolute': [ '1.0.1' ],
140 silly audit   'path-key': [ '3.1.1' ],
140 silly audit   'path-parse': [ '1.0.7' ],
140 silly audit   'path-scurry': [ '2.0.2' ],
140 silly audit   picocolors: [ '1.1.1' ],
140 silly audit   pirates: [ '4.0.7' ],
140 silly audit   plist: [ '3.1.0' ],
140 silly audit   pngjs: [ '3.4.0' ],
140 silly audit   postcss: [ '8.4.49' ],
140 silly audit   'pretty-bytes': [ '5.6.0' ],
140 silly audit   'pretty-format': [ '29.7.0' ],
140 silly audit   'proc-log': [ '4.2.0' ],
140 silly audit   progress: [ '2.0.3' ],
140 silly audit   promise: [ '8.3.0', '7.3.1' ],
140 silly audit   prompts: [ '2.4.2' ],
140 silly audit   'prop-types': [ '15.8.1' ],
140 silly audit   punycode: [ '2.3.1' ],
140 silly audit   'qrcode-terminal': [ '0.11.0' ],
140 silly audit   queue: [ '6.0.2' ],
140 silly audit   'range-parser': [ '1.2.1' ],
140 silly audit   rc: [ '1.2.8' ],
140 silly audit   react: [ '19.1.0' ],
140 silly audit   'react-devtools-core': [ '6.1.5' ],
140 silly audit   'react-native': [ '0.81.0' ],
140 silly audit   'react-native-gesture-handler': [ '2.16.2' ],
140 silly audit   'react-native-safe-area-context': [ '4.10.1' ],
140 silly audit   'react-native-webview': [ '13.16.1' ],
140 silly audit   '@react-native/virtualized-lists': [ '0.81.0' ],
140 silly audit   'react-refresh': [ '0.14.2' ],
140 silly audit   regenerate: [ '1.4.2' ],
140 silly audit   'regenerate-unicode-properties': [ '10.2.2' ],
140 silly audit   'regenerator-runtime': [ '0.13.11' ],
140 silly audit   'regexpu-core': [ '6.4.0' ],
140 silly audit   regjsgen: [ '0.8.0' ],
140 silly audit   regjsparser: [ '0.13.0' ],
140 silly audit   'require-directory': [ '2.1.1' ],
140 silly audit   'require-from-string': [ '2.0.2' ],
140 silly audit   requireg: [ '0.2.2' ],
140 silly audit   resolve: [ '1.7.1', '1.22.11' ],
140 silly audit   'resolve-from': [ '5.0.0' ],
140 silly audit   'resolve-workspace-root': [ '2.0.1' ],
140 silly audit   'resolve.exports': [ '2.0.3' ],
140 silly audit   'restore-cursor': [ '2.0.0' ],
140 silly audit   rimraf: [ '3.0.2' ],
140 silly audit   'safe-buffer': [ '5.2.1' ],
140 silly audit   sax: [ '1.5.0' ],
140 silly audit   scheduler: [ '0.26.0' ],
140 silly audit   send: [ '0.19.2' ],
140 silly audit   'serialize-error': [ '2.1.0' ],
140 silly audit   'serve-static': [ '1.16.3' ],
140 silly audit   setprototypeof: [ '1.2.0' ],
140 silly audit   'shebang-command': [ '2.0.0' ],
140 silly audit   'shebang-regex': [ '3.0.0' ],
140 silly audit   'shell-quote': [ '1.8.3' ],
140 silly audit   'signal-exit': [ '3.0.7' ],
140 silly audit   'simple-plist': [ '1.3.1' ],
140 silly audit   sisteransi: [ '1.0.5' ],
140 silly audit   slash: [ '3.0.0' ],
140 silly audit   slugify: [ '1.6.6' ],
140 silly audit   'source-map': [ '0.5.7', '0.6.1' ],
140 silly audit   'source-map-js': [ '1.2.1' ],
140 silly audit   'source-map-support': [ '0.5.21' ],
140 silly audit   'sprintf-js': [ '1.0.3' ],
140 silly audit   'stack-utils': [ '2.0.6' ],
140 silly audit   stackframe: [ '1.3.4' ],
140 silly audit   'stacktrace-parser': [ '0.1.11' ],
140 silly audit   'stream-buffers': [ '2.2.0' ],
140 silly audit   'string-width': [ '4.2.3' ],
140 silly audit   'strip-json-comments': [ '2.0.1' ],
140 silly audit   'structured-headers': [ '0.4.1' ],
140 silly audit   'supports-hyperlinks': [ '2.3.0' ],
140 silly audit   'supports-preserve-symlinks-flag': [ '1.0.0' ],
140 silly audit   tar: [ '7.5.11' ],
140 silly audit   yallist: [ '5.0.0', '3.1.1' ],
140 silly audit   'temp-dir': [ '1.0.0' ],
140 silly audit   tempy: [ '0.3.0' ],
140 silly audit   'terminal-link': [ '2.1.1' ],
140 silly audit   terser: [ '5.46.0' ],
140 silly audit   'test-exclude': [ '6.0.0' ],
140 silly audit   thenify: [ '3.3.1' ],
140 silly audit   'thenify-all': [ '1.6.0' ],
140 silly audit   throat: [ '5.0.0' ],
140 silly audit   tinyglobby: [ '0.2.15' ],
140 silly audit   fdir: [ '6.5.0' ],
140 silly audit   tmpl: [ '1.0.5' ],
140 silly audit   'to-regex-range': [ '5.0.1' ],
140 silly audit   toidentifier: [ '1.0.1' ],
140 silly audit   tr46: [ '0.0.3' ],
140 silly audit   'ts-interface-checker': [ '0.1.13' ],
140 silly audit   'type-detect': [ '4.0.8' ],
140 silly audit   undici: [ '6.23.0' ],
140 silly audit   'undici-types': [ '7.18.2' ],
140 silly audit   'unicode-canonical-property-names-ecmascript': [ '2.0.1' ],
140 silly audit   'unicode-match-property-ecmascript': [ '2.0.0' ],
140 silly audit   'unicode-match-property-value-ecmascript': [ '2.2.1' ],
140 silly audit   'unicode-property-aliases-ecmascript': [ '2.2.0' ],
140 silly audit   'unique-string': [ '1.0.0' ],
140 silly audit   unpipe: [ '1.0.0' ],
140 silly audit   'update-browserslist-db': [ '1.2.3' ],
140 silly audit   'utils-merge': [ '1.0.1' ],
140 silly audit   uuid: [ '7.0.3' ],
140 silly audit   'validate-npm-package-name': [ '5.0.1' ],
140 silly audit   vary: [ '1.1.2' ],
140 silly audit   vlq: [ '1.0.1' ],
140 silly audit   walker: [ '1.0.8' ],
140 silly audit   wcwidth: [ '1.0.1' ],
140 silly audit   'webidl-conversions': [ '3.0.1', '5.0.0' ],
140 silly audit   'whatwg-fetch': [ '3.6.20' ],
140 silly audit   'whatwg-url': [ '5.0.0' ],
140 silly audit   'whatwg-url-without-unicode': [ '8.0.0-3' ],
140 silly audit   which: [ '2.0.2' ],
140 silly audit   wonka: [ '6.3.5' ],
140 silly audit   'wrap-ansi': [ '7.0.0' ],
140 silly audit   wrappy: [ '1.0.2' ],
140 silly audit   xcode: [ '3.0.1' ],
140 silly audit   xml2js: [ '0.6.0' ],
140 silly audit   y18n: [ '5.0.8' ],
140 silly audit   yaml: [ '2.8.2' ],
140 silly audit   yargs: [ '17.7.2' ],
140 silly audit   'yargs-parser': [ '21.1.1' ],
140 silly audit   'yocto-queue': [ '0.1.0' ],
140 silly audit   'react-dom': [ '19.1.0' ],
140 silly audit   'react-native-web': [ '0.21.2' ],
140 silly audit   fbjs: [ '3.0.5' ],
140 silly audit   'inline-style-prefixer': [ '7.0.1' ],
140 silly audit   'postcss-value-parser': [ '4.2.0' ],
140 silly audit   styleq: [ '0.1.3' ],
140 silly audit   'cross-fetch': [ '3.2.0' ],
140 silly audit   'fbjs-css-vars': [ '1.0.2' ],
140 silly audit   setimmediate: [ '1.0.5' ],
140 silly audit   'ua-parser-js': [ '1.0.41' ],
140 silly audit   'css-in-js-utils': [ '3.1.0' ],
140 silly audit   'hyphenate-style-name': [ '1.1.0' ]
140 silly audit }
141 silly tarball no local data for css-in-js-utils@https://registry.npmjs.org/css-in-js-utils/-/css-in-js-utils-3.1.0.tgz. Extracting by manifest.
142 silly tarball no local data for hyphenate-style-name@https://registry.npmjs.org/hyphenate-style-name/-/hyphenate-style-name-1.1.0.tgz. Extracting by manifest.
143 silly tarball no local data for fbjs-css-vars@https://registry.npmjs.org/fbjs-css-vars/-/fbjs-css-vars-1.0.2.tgz. Extracting by manifest.
144 silly tarball no local data for cross-fetch@https://registry.npmjs.org/cross-fetch/-/cross-fetch-3.2.0.tgz. Extracting by manifest.
145 silly tarball no local data for styleq@https://registry.npmjs.org/styleq/-/styleq-0.1.3.tgz. Extracting by manifest.
146 silly tarball no local data for postcss-value-parser@https://registry.npmjs.org/postcss-value-parser/-/postcss-value-parser-4.2.0.tgz. Extracting by manifest.
147 silly tarball no local data for inline-style-prefixer@https://registry.npmjs.org/inline-style-prefixer/-/inline-style-prefixer-7.0.1.tgz. Extracting by manifest.
148 silly tarball no local data for fbjs@https://registry.npmjs.org/fbjs/-/fbjs-3.0.5.tgz. Extracting by manifest.
149 silly tarball no local data for react-native-web@https://registry.npmjs.org/react-native-web/-/react-native-web-0.21.2.tgz. Extracting by manifest.
150 silly tarball no local data for react-dom@https://registry.npmjs.org/react-dom/-/react-dom-19.1.0.tgz. Extracting by manifest.
151 silly tarball no local data for promise@https://registry.npmjs.org/promise/-/promise-7.3.1.tgz. Extracting by manifest.
152 silly tarball no local data for memoize-one@https://registry.npmjs.org/memoize-one/-/memoize-one-6.0.0.tgz. Extracting by manifest.
153 silly tarball no local data for setimmediate@https://registry.npmjs.org/setimmediate/-/setimmediate-1.0.5.tgz. Extracting by manifest.
154 silly tarball no local data for ua-parser-js@https://registry.npmjs.org/ua-parser-js/-/ua-parser-js-1.0.41.tgz. Extracting by manifest.
155 http fetch POST 200 https://registry.npmjs.org/-/npm/v1/security/advisories/bulk 1791ms
156 timing auditReport:getReport Completed in 1919ms
157 silly audit report {}
158 timing auditReport:init Completed in 0ms
159 timing reify:audit Completed in 1990ms
160 http fetch GET 200 https://registry.npmjs.org/fbjs-css-vars/-/fbjs-css-vars-1.0.2.tgz 2117ms (cache miss)
161 timing reifyNode:node_modules/fbjs-css-vars Completed in 2251ms
162 http fetch GET 200 https://registry.npmjs.org/hyphenate-style-name/-/hyphenate-style-name-1.1.0.tgz 2155ms (cache miss)
163 timing reifyNode:node_modules/hyphenate-style-name Completed in 2290ms
164 http fetch GET 200 https://registry.npmjs.org/styleq/-/styleq-0.1.3.tgz 2161ms (cache miss)
165 timing reifyNode:node_modules/styleq Completed in 2316ms
166 http fetch GET 200 https://registry.npmjs.org/cross-fetch/-/cross-fetch-3.2.0.tgz 2181ms (cache miss)
167 timing reifyNode:node_modules/cross-fetch Completed in 2333ms
168 http fetch GET 200 https://registry.npmjs.org/css-in-js-utils/-/css-in-js-utils-3.1.0.tgz 2216ms (cache miss)
169 timing reifyNode:node_modules/css-in-js-utils Completed in 2349ms
170 http fetch GET 200 https://registry.npmjs.org/postcss-value-parser/-/postcss-value-parser-4.2.0.tgz 2451ms (cache miss)
171 timing reifyNode:node_modules/postcss-value-parser Completed in 2606ms
172 http fetch GET 200 https://registry.npmjs.org/setimmediate/-/setimmediate-1.0.5.tgz 2982ms (cache miss)
173 timing reifyNode:node_modules/setimmediate Completed in 3215ms
174 http fetch GET 200 https://registry.npmjs.org/inline-style-prefixer/-/inline-style-prefixer-7.0.1.tgz 3267ms (cache miss)
175 timing reifyNode:node_modules/inline-style-prefixer Completed in 3427ms
176 http fetch GET 200 https://registry.npmjs.org/memoize-one/-/memoize-one-6.0.0.tgz 3359ms (cache miss)
177 timing reifyNode:node_modules/react-native-web/node_modules/memoize-one Completed in 3588ms
178 http fetch GET 200 https://registry.npmjs.org/ua-parser-js/-/ua-parser-js-1.0.41.tgz 3633ms (cache miss)
179 timing reifyNode:node_modules/ua-parser-js Completed in 3952ms
180 http fetch GET 200 https://registry.npmjs.org/promise/-/promise-7.3.1.tgz 3747ms (cache miss)
181 timing reifyNode:node_modules/fbjs/node_modules/promise Completed in 3959ms
182 http fetch GET 200 https://registry.npmjs.org/fbjs/-/fbjs-3.0.5.tgz 4598ms (cache miss)
183 timing reifyNode:node_modules/fbjs Completed in 4767ms
184 http fetch GET 200 https://registry.npmjs.org/react-native-web/-/react-native-web-0.21.2.tgz 7978ms (cache miss)
185 timing reifyNode:node_modules/react-native-web Completed in 8145ms
186 http fetch GET 200 https://registry.npmjs.org/react-dom/-/react-dom-19.1.0.tgz 24504ms (cache miss)
187 timing reifyNode:node_modules/react-dom Completed in 24715ms
188 timing reify:unpack Completed in 24719ms
189 timing reify:unretire Completed in 99ms
190 timing build:queue Completed in 2ms
191 timing build:link:node_modules/ua-parser-js Completed in 181ms
192 timing build:link Completed in 181ms
193 timing build:deps Completed in 185ms
194 timing build Completed in 185ms
195 timing reify:build Completed in 188ms
196 timing reify:trash Completed in 1ms
197 timing reify:save Completed in 644ms
198 timing reify Completed in 391098ms
199 silly ADD node_modules/hyphenate-style-name
200 silly ADD node_modules/css-in-js-utils
201 silly ADD node_modules/ua-parser-js
202 silly ADD node_modules/setimmediate
203 silly ADD node_modules/fbjs-css-vars
204 silly ADD node_modules/cross-fetch
205 silly ADD node_modules/styleq
206 silly ADD node_modules/postcss-value-parser
207 silly ADD node_modules/inline-style-prefixer
208 silly ADD node_modules/fbjs
209 silly ADD node_modules/fbjs/node_modules/promise
210 silly ADD node_modules/react-native-web
211 silly ADD node_modules/react-native-web/node_modules/memoize-one
212 silly ADD node_modules/react-dom
213 timing command:install Completed in 391154ms
214 verbose exit 0
215 timing npm Completed in 392180ms
216 info ok
