0 verbose cli /Users/admin/.local/node/bin/node /Users/admin/.local/node/lib/node_modules/npm/bin/npm-cli.js
1 info using npm@10.2.4
2 info using node@v20.11.1
3 timing npm:load:whichnode Completed in 1ms
4 timing config:load:defaults Completed in 2ms
5 timing config:load:file:/Users/admin/.local/node/lib/node_modules/npm/npmrc Completed in 1ms
6 timing config:load:builtin Completed in 2ms
7 timing config:load:cli Completed in 9ms
8 timing config:load:env Completed in 0ms
9 timing config:load:project Completed in 12ms
10 timing config:load:file:/Users/admin/Documents/Medicsapp/.npmrc Completed in 0ms
11 timing config:load:user Completed in 0ms
12 timing config:load:file:/Users/admin/.local/node/etc/npmrc Completed in 0ms
13 timing config:load:global Completed in 0ms
14 timing config:load:setEnvs Completed in 1ms
15 timing config:load Completed in 27ms
16 timing npm:load:configload Completed in 28ms
17 timing config:load:flatten Completed in 3ms
18 timing npm:load:mkdirpcache Completed in 1ms
19 timing npm:load:mkdirplogs Completed in 0ms
20 verbose title npm exec expo start --web --port 8082 --clear
21 verbose argv "exec" "--" "expo" "start" "--web" "--port" "8082" "--clear"
22 timing npm:load:setTitle Completed in 35ms
23 timing npm:load:display Completed in 6ms
24 verbose logfile logs-max:10 dir:/Users/admin/Documents/Medicsapp/.npm/_logs/2026-03-09T17_25_42_766Z-
25 verbose logfile /Users/admin/Documents/Medicsapp/.npm/_logs/2026-03-09T17_25_42_766Z-debug-0.log
26 timing npm:load:logFile Completed in 21ms
27 timing npm:load:timers Completed in 1ms
28 timing npm:load:configScope Completed in 0ms
29 timing npm:load Completed in 135ms
30 silly logfile done cleaning log files
31 timing command:exec Completed in 5129ms
32 verbose exit 1
33 timing npm Completed in 6423ms
34 verbose code 1
